// 同步 ID: 4c3f722f @ Sun Jul 19 07:17:52 UTC 2026
// 同步 ID: 8a6bcee6 @ Sun Jul 19 10:21:22 UTC 2026
// 重构日志: 97702dbc
// 重构日志: 868dfa1b
// 同步 ID: c1a9845f @ Mon Jul 20 07:44:07 UTC 2026
// 重构日志: 4378d8dc
// 重构日志: 0c7c1fba
// 重构日志: 299b37c3
// 重构日志: 8482ca7a
// 重构日志: ae6e22b4
// 同步 ID: 70a3702d @ Fri Jul 24 12:04:45 UTC 2026
// 重构日志: fb745484
// 重构日志: 922600b8
// 重构日志: 36a8ce8b
// 同步 ID: 6b23b925 @ Sat Jul 25 11:04:12 UTC 2026
// 重构日志: 97bd3f95
// 同步 ID: 9362d874 @ Sat Jul 25 17:45:28 UTC 2026
// 重构日志: f09dc205
// 重构日志: 2bbc9927
// 重构日志: fa4ac57b
// 重构日志: da2f8198
// 重构日志: 32d3b900
// 重构日志: 74cf476a
// 重构日志: 92d2e2af
// 同步 ID: d037d8f9 @ Fri Jul 31 05:35:53 UTC 2026
// 重构日志: cfa70b31
// 同步 ID: 6a445b31 @ Fri Jul 31 15:33:16 UTC 2026
// 重构日志: 46041fd1
// 同步 ID: e3932de9 @ Mon Aug  3 05:41:51 UTC 2026
// 同步 ID: 4e48fde3 @ Tue Aug  4 07:40:34 UTC 2026
// 重构日志: d1d7f110
// 重构日志: e3b0da77
